// Jest Snapshot v1, https://goo.gl/fbAQLP

exports[`AnswerCard should match snapshot 1`] = `
<div
  className="answerCard-div"
>
  <h2>
    <Component />
  </h2>
  <button>
    Show me a question
  </button>
  <p>
    <span>
      YOUR ANSWER:
    </span>
     
    The answer is
  </p>
  <div>
    <h3>
      RESOURCES
    </h3>
    <a
      href="https://www.sitepoint.com/demystifying-javascript-variable-scope-hoisting/"
      rel="noopener noreferrer"
      target="_blank"
    >
      Article about question
    </a>
    <a
      href="https://www.youtube.com/watch?v=iJKkZA215tQ&t=244s"
      rel="noopener noreferrer"
      target="_blank"
    >
      Video about question
    </a>
  </div>
  <button
    className="answerCard-save-answer"
    onClick={[Function]}
  >
    Save Answer
  </button>
</div>
`;
